Run,BioProject
ERR1551967,PRJEB14961
ERR2177760,PRJEB20463
ERR2017425,PRJEB21528